// Jest Snapshot v1, https://goo.gl/fbAQLP

exports[`HalUI test renders HalUI component and the api info 1`] = `
<div>
  <div
    class="sc-csuQGl bgPFSf"
  >
    <div
      class="sc-hzDkRC bZydcu"
    >
      Loading
    </div>
    <div
      class="sc-jhAzac fFKEpg"
    >
      /url
    </div>
    <span
      style="display: inherit;"
    >
      <span
        style="display: inline-block; background-color: rgb(0, 0, 0); width: 10px; height: 10px; margin: 2px; border-radius: 100%; animation: react-spinners-BeatLoader-beat 0.7s 0s infinite linear; animation-fill-mode: both;"
      />
      <span
        style="display: inline-block; background-color: rgb(0, 0, 0); width: 10px; height: 10px; margin: 2px; border-radius: 100%; animation: react-spinners-BeatLoader-beat 0.7s 0.35s infinite linear; animation-fill-mode: both;"
      />
      <span
        style="display: inline-block; background-color: rgb(0, 0, 0); width: 10px; height: 10px; margin: 2px; border-radius: 100%; animation: react-spinners-BeatLoader-beat 0.7s 0s infinite linear; animation-fill-mode: both;"
      />
    </span>
  </div>
</div>
`;
